// Jest Snapshot v1, https://goo.gl/fbAQLP

exports[`InitialInfo matches snapshot 1`] = `
<div
  class="initial-info"
>
  <img
    alt="VLAVAAV logo"
    class="initial-info__logo"
    src="@/assets/logo.svg"
  />
   
  <h1
    class="initial-info__header"
  >
    <strong>
      VLAVAAV
    </strong>
     is a no-nonsense palette visualization tool.
  
  </h1>
   
  <colorsform-stub />
   
  <hr />
   
  <h2
    class="initial-info__subheader"
  >
    
    What is 
    <strong>
      VLAVAAV
    </strong>
    ?
  
  </h2>
   
  <p
    class="initial-info__paragraph"
  >
    
    Tired of approaching webpages, specifications, and themes without having a practical way to visualize all their colors at once?
  
  </p>
   
  <p
    class="initial-info__paragraph"
  >
    <strong>
      VLAVAAV
    </strong>
     is a tool for quickly visualizing any number of unknown hexadecimal (#XXXXXX) color codes.
    It tries its best to find color codes amongst a sea of text, so you don't have to worry about cleaning up your copied text first.
  
  </p>
   
  <p
    class="initial-info__paragraph"
  >
    
    Simply paste your text with hexadecimal color codes above to generate your palette, and 
    <strong>
      VLAVAAV
    </strong>
     will generate an easy-to-read, easy-to-copy view of all your colors.
    Then bookmark your palette for later and share it among your colleagues.
  
  </p>
   
  <p
    class="initial-info__paragraph initial-info__paragraph--no-justify"
  >
    <strong>
      VLAVAAV
    </strong>
     © Alex L. Alves 2022.
    
    <br />
    
    Check the project out on GitHub:
    
    <a
      class="initial-info__link"
      href="https://github.com/alexlalves/vlavaav"
    >
      
      https://github.com/alexlalves/vlavaav
    
    </a>
  </p>
</div>
`;
