// Jest Snapshot v1, https://goo.gl/fbAQLP

exports[`ShowColors matches snapshot 1`] = `
<div>
  <div
    class="show-colors"
  >
    <div
      class="show-colors__cell"
      style="background-color: rgb(255, 255, 255);"
    >
      <div
        class="show-colors__cell-description-box"
      >
        <code>
          FFF
        </code>
      </div>
    </div>
    <div
      class="show-colors__cell"
      style="background-color: rgb(255, 255, 0);"
    >
      <div
        class="show-colors__cell-description-box"
      >
        <code>
          FF0
        </code>
      </div>
    </div>
     
    <div
      class="show-colors__cell"
    >
      <div
        class="show-colors__cell-description-box"
      >
        <code>
          Share this palette
        </code>
      </div>
    </div>
  </div>
</div>
`;
